******************************************************************************
                  TI ARM Linker PC v15.12.1                    
******************************************************************************
>> Linked Tue May 17 22:09:54 2016

OUTPUT FILE NAME:   <simplebroadcast_improved_recharge.out>
ENTRY POINT SYMBOL: "ResetISR"  address: 0000400d


MEMORY CONFIGURATION

         name            origin    length      used     unused   attr    fill
----------------------  --------  ---------  --------  --------  ----  --------
  FLASH                 00000000   00020000  000054c0  0001ab40  R  X
  GPRAM                 11000000   00002000  00000000  00002000  RW X
  SRAM                  20000000   00005000  0000028b  00004d75  RW X


SEGMENT ALLOCATION MAP

run origin  load origin   length   init length attrs members
----------  ----------- ---------- ----------- ----- -------
00000000    00000000    0000539a   0000539a    r-x
  00000000    00000000    000000c8   000000c8    r-- .intvecs
  000000c8    000000c8    0000422a   0000422a    r-x .text
  000042f8    000042f8    000010a2   000010a2    r-- .const
0000539c    0000539c    00000008   00000008    rw-
  0000539c    0000539c    00000008   00000008    rw- .args
000053a8    000053a8    000000cc   000000cc    r--
  000053a8    000053a8    000000cc   000000cc    r-- .cinit
0001ffa8    0001ffa8    00000058   00000058    r--
  0001ffa8    0001ffa8    00000058   00000058    r-- .ccfg
20000000    20000000    0000018c   00000000    rw-
  20000000    20000000    00000117   00000000    rw- .data
  20000118    20000118    00000074   00000000    rw- .bss
20004f00    20004f00    00000100   00000000    rw-
  20004f00    20004f00    00000100   00000000    rw- .stack


SECTION ALLOCATION MAP

 output                                  attributes/
section   page    origin      length       input sections
--------  ----  ----------  ----------   ----------------
.intvecs   0    00000000    000000c8     
                  00000000    000000c8     startup_ccs.obj (.intvecs)

.text      0    000000c8    0000422a     
                  000000c8    0000090c     setup.obj (.text)
                  000009d4    00000668     board-i2c.obj (.text)
                  0000103c    00000664     sys_ctrl.obj (.text)
                  000016a0    0000052c     main.obj (.text)
                  00001bcc    0000041c     ext-flash.obj (.text)
                  00001fe8    000002b4     bmp-280-sensor.obj (.text)
                  0000229c    00000288     board-spi.obj (.text)
                  00002524    00000288     pwr_ctrl.obj (.text)
                  000027ac    00000280     osc.obj (.text)
                  00002a2c    00000234     tmp-007-sensor.obj (.text)
                  00002c60    00000224     ddi.obj (.text)
                  00002e84    000001f8     rtsv7M3_T_le_eabi.lib : s_exp2.obj (.text)
                  0000307c    000001ec     radio.obj (.text)
                  00003268    000001b6     rtsv7M3_T_le_eabi.lib : fd_add_t2.obj (.text)
                  0000341e    00000002                           : mpu_init.obj (.text)
                  00003420    000001b0     system.obj (.text)
                  000035d0    0000019c     chipinfo.obj (.text)
                  0000376c    0000016c     opt-3001-sensor.obj (.text)
                  000038d8    00000100     vims.obj (.text)
                  000039d8    000000fc     rtsv7M3_T_le_eabi.lib : fd_mul_t2.obj (.text)
                  00003ad4    000000b8     sensor-common.obj (.text)
                  00003b8c    0000009c     rtc.obj (.text)
                  00003c28    0000009c     rtsv7M3_T_le_eabi.lib : memcpy_t2.obj (.text)
                  00003cc4    00000086                           : fd_cmp_t2.obj (.text:__aeabi_cdcmple)
                  00003d4a    00000086                           : fd_cmp_t2.obj (.text:__aeabi_cdrcmple)
                  00003dd0    0000007a                           : fs_mul_t2.obj (.text)
                  00003e4a    0000007a                           : memset_t2.obj (.text)
                  00003ec4    00000070                           : autoinit.obj (.text)
                  00003f34    0000006e                           : fd_tos_t2.obj (.text)
                  00003fa2    0000006a                           : copy_decompress_rle.obj (.text)
                  0000400c    0000005e     startup_ccs.obj (.text)
                  0000406a    00000002     rtsv7M3_T_le_eabi.lib : startup.obj (.text)
                  0000406c    0000005c     aon_rtc.obj (.text)
                  000040c8    00000054     rtsv7M3_T_le_eabi.lib : exit.obj (.text)
                  0000411c    0000004c                           : cpy_tbl.obj (.text)
                  00004168    00000044     aon_batmon.obj (.text)
                  000041ac    00000040     rtsv7M3_T_le_eabi.lib : boot.obj (.text)
                  000041ec    00000038                           : fs_toi_t2.obj (.text)
                  00004224    00000038                           : i_tofs_t2.obj (.text)
                  0000425c    0000002c     cpu.obj (.text)
                  00004288    00000020     rtsv7M3_T_le_eabi.lib : u_tofd_t2.obj (.text)
                  000042a8    00000018                           : args_main.obj (.text)
                  000042c0    00000014                           : _lock.obj (.text)
                  000042d4    0000000e                           : copy_decompress_none.obj (.text:decompress:none)
                  000042e2    00000006     cpu.obj (.text:NOROM_CPUdelay)
                  000042e8    00000006     rtsv7M3_T_le_eabi.lib : copy_decompress_rle.obj (.text:decompress:rle24)
                  000042ee    00000004                           : pre_init.obj (.text)

.const     0    000042f8    000010a2     
                  000042f8    00001000     rtsv7M3_T_le_eabi.lib : s_exp2.obj (.const:tbl)
                  000052f8    00000068     radio.obj (.const:patchImage)
                  00005360    00000034     sys_ctrl.obj (.const:g_pui32ModuleCG)
                  00005394    00000004     ext-flash.obj (.const:.string:$P$T1$2)
                  00005398    00000001     ext-flash.obj (.const:.string:$P$T0$1)
                  00005399    00000001     ext-flash.obj (.const:.string:$P$T2$3)

.cinit     0    000053a8    000000cc     
                  000053a8    000000a4     (.cinit..data.load) [load image, compression = rle]
                  0000544c    00000004     --HOLE-- [fill = 0]
                  00005450    00000009     (.cinit..bss.load) [load image, compression = rle]
                  00005459    00000003     --HOLE-- [fill = 0]
                  0000545c    00000008     (__TI_handler_table)
                  00005464    00000010     (__TI_cinit_table)

.init_array 
*          0    00000000    00000000     UNINITIALIZED

.ccfg      0    0001ffa8    00000058     
                  0001ffa8    00000058     ccfg.obj (.ccfg:retain)

.data      0    20000000    00000117     UNINITIALIZED
                  20000000    00000030     radio.obj (.data:bleDifferentialOverrides)
                  20000030    00000020     radio.obj (.data:cmdAdvParam)
                  20000050    0000001e     radio.obj (.data:advData)
                  2000006e    00000002     board-i2c.obj (.data)
                  20000070    00000018     radio.obj (.data:cmdAdv0)
                  20000088    00000018     radio.obj (.data:cmdAdv1)
                  200000a0    00000018     radio.obj (.data:cmdAdv2)
                  200000b8    00000018     radio.obj (.data:cmdSetup)
                  200000d0    00000010     radio.obj (.data:advOutput)
                  200000e0    00000010     radio.obj (.data:cmdFsPd)
                  200000f0    0000000c     rtsv7M3_T_le_eabi.lib : exit.obj (.data:$O1$$)
                  200000fc    00000008                           : _lock.obj (.data:$O1$$)
                  20000104    00000004     bmp-280-sensor.obj (.data)
                  20000108    00000004     opt-3001-sensor.obj (.data)
                  2000010c    00000004     rtsv7M3_T_le_eabi.lib : errno.obj (.data)
                  20000110    00000004                           : stkdepth_vars.obj (.data)
                  20000114    00000003     radio.obj (.data)

.bss       0    20000118    00000074     UNINITIALIZED
                  20000118    00000020     sensor-common.obj (.bss:buffer)
                  20000138    00000018     bmp-280-sensor.obj (.bss:calibration_data)
                  20000150    00000014     osc.obj (.bss:oscHfGlobals)
                  20000164    0000000c     tmp-007-sensor.obj (.bss)
                  20000170    00000008     sys_ctrl.obj (.bss:powerQualGlobals)
                  20000178    00000008     radio.obj (.bss)
                  20000180    00000008     bmp-280-sensor.obj (.bss:sensor_value)
                  20000188    00000004     tmp-007-sensor.obj (.bss:buf)

.stack     0    20004f00    00000100     UNINITIALIZED
                  20004f00    00000100     --HOLE--

.args      0    0000539c    00000008     
                  0000539c    00000008     --HOLE-- [fill = 0]

MODULE SUMMARY

       Module                     code    ro data   rw data
       ------                     ----    -------   -------
    .\
       main.obj                   1324    0         0      
       radio.obj                  492     104       249    
       system.obj                 432     0         0      
       rtc.obj                    156     0         0      
       ccfg.obj                   0       88        0      
    +--+--------------------------+-------+---------+---------+
       Total:                     2404    192       249    
                                                           
    .\cc26xxware_2_22_00_16101\driverLib\
       setup.obj                  2316    0         0      
       sys_ctrl.obj               1636    52        8      
       osc.obj                    640     0         20     
       pwr_ctrl.obj               648     0         0      
       ddi.obj                    548     0         0      
       chipinfo.obj               412     0         0      
       vims.obj                   256     0         0      
       aon_rtc.obj                92      0         0      
       aon_batmon.obj             68      0         0      
       cpu.obj                    50      0         0      
    +--+--------------------------+-------+---------+---------+
       Total:                     6666    52        28     
                                                           
    .\cc26xxware_2_22_00_16101\startup_files\
       startup_ccs.obj            94      200       0      
    +--+--------------------------+-------+---------+---------+
       Total:                     94      200       0      
                                                           
    .\interfaces\
       board-i2c.obj              1640    0         2      
       board-spi.obj              648     0         0      
    +--+--------------------------+-------+---------+---------+
       Total:                     2288    0         2      
                                                           
    .\sensors\
       ext-flash.obj              1052    6         0      
       bmp-280-sensor.obj         692     0         36     
       tmp-007-sensor.obj         564     0         16     
       opt-3001-sensor.obj        364     0         4      
       sensor-common.obj          184     0         32     
    +--+--------------------------+-------+---------+---------+
       Total:                     2856    6         88     
                                                           
    C:\ti\ccsv6\tools\compiler\ti-cgt-arm_15.12.1.LTS\lib\rtsv7M3_T_le_eabi.lib
       s_exp2.obj                 504     4096      0      
       fd_add_t2.obj              438     0         0      
       fd_cmp_t2.obj              268     0         0      
       fd_mul_t2.obj              252     0         0      
       memcpy_t2.obj              156     0         0      
       fs_mul_t2.obj              122     0         0      
       memset_t2.obj              122     0         0      
       autoinit.obj               112     0         0      
       copy_decompress_rle.obj    112     0         0      
       fd_tos_t2.obj              110     0         0      
       exit.obj                   84      0         12     
       cpy_tbl.obj                76      0         0      
       boot.obj                   64      0         0      
       fs_toi_t2.obj              56      0         0      
       i_tofs_t2.obj              56      0         0      
       u_tofd_t2.obj              32      0         0      
       _lock.obj                  20      0         8      
       args_main.obj              24      0         0      
       copy_decompress_none.obj   14      0         0      
       errno.obj                  0       0         4      
       pre_init.obj               4       0         0      
       stkdepth_vars.obj          0       0         4      
       mpu_init.obj               2       0         0      
       startup.obj                2       0         0      
    +--+--------------------------+-------+---------+---------+
       Total:                     2630    4096      28     
                                                           
       Stack:                     0       0         256    
       Linker Generated:          0       197       0      
    +--+--------------------------+-------+---------+---------+
       Grand Total:               16938   4743      651    


LINKER GENERATED COPY TABLES

__TI_cinit_table @ 00005464 records: 2, size/record: 8, table size: 16
	.data: load addr=000053a8, load size=000000a4 bytes, run addr=20000000, run size=00000117 bytes, compression=rle
	.bss: load addr=00005450, load size=00000009 bytes, run addr=20000118, run size=00000074 bytes, compression=rle


LINKER GENERATED HANDLER TABLE

__TI_handler_table @ 0000545c records: 2, size/record: 4, table size: 8
	index: 0, handler: __TI_decompress_rle24
	index: 1, handler: __TI_decompress_none


GLOBAL SYMBOLS: SORTED ALPHABETICALLY BY Name 

address   name                                                  
-------   ----                                                  
00004169  AONBatMonTemperatureGetDegC                           
00003c05  AONRTCIntHandler                                      
000040c9  C$$EXIT                                               
00003661  ChipInfo_GetChipFamily                                
000036b7  ChipInfo_GetHwRevision                                
0000362f  ChipInfo_GetPackageType                               
00003625  ChipInfo_GetSupportedProtocol_BV                      
000016d5  GPIOIntHandler                                        
00004099  NOROM_AONRTCCurrent64BitValueGet                      
0000406d  NOROM_AONRTCCurrentCompareValueGet                    
0000427f  NOROM_CPUbasepriGet                                   
0000425d  NOROM_CPUcpsid                                        
00004273  NOROM_CPUcpsie                                        
000042e3  NOROM_CPUdelay                                        
00004269  NOROM_CPUprimask                                      
00002ddf  NOROM_DDI16BitRead                                    
00002d3d  NOROM_DDI16BitWrite                                   
00002e27  NOROM_DDI16BitfieldRead                               
00002d8d  NOROM_DDI16BitfieldWrite                              
0000283d  NOROM_OSCClockSourceGet                               
000027ed  NOROM_OSCClockSourceSet                               
0000286d  NOROM_OSCInterfaceEnable                              
00002737  NOROM_PowerCtrlSourceSet                              
0000261b  NOROM_PowerCtrlStateSet                               
000010b3  NOROM_SysCtrlPowerEverything                          
000011b9  NOROM_SysCtrlPowerdown                                
00001659  NOROM_SysCtrlResetSourceGet                           
000011e7  NOROM_SysCtrlShutdown                                 
0000119f  NOROM_SysCtrlStandby                                  
000038d9  NOROM_VIMSConfigure                                   
00003947  NOROM_VIMSModeGet                                     
00003967  NOROM_VIMSModeSafeSet                                 
0000391b  NOROM_VIMSModeSet                                     
00002971  OSCHF_AttemptToSwitchToXosc                           
0000289b  OSCHF_GetStartupTime                                  
000029d1  OSCHF_SwitchToRcOscTurnOffXosc                        
0000295d  OSCHF_TurnOnXosc                                      
000031a3  RFCCPE0IntHandler                                     
0000318b  RFCCPE1IntHandler                                     
0000400d  ResetISR                                              
UNDEFED   SHT$$INIT_ARRAY$$Base                                 
UNDEFED   SHT$$INIT_ARRAY$$Limit                                
00000559  SignExtendVddrTrimValue                               
00001525  SysCtrlAdjustRechargeAfterPowerDown                   
00001241  SysCtrlSetRechargeBeforePowerDown                     
000015c9  SysCtrl_DCDC_VoltageConditionalControl                
0000374b  ThisCodeIsBuiltForCC26xxHwRev22AndLater_HaltIfViolated
20005000  __STACK_END                                           
00000100  __STACK_SIZE                                          
20005000  __STACK_TOP                                           
00005464  __TI_CINIT_Base                                       
00005474  __TI_CINIT_Limit                                      
0000545c  __TI_Handler_Table_Base                               
00005464  __TI_Handler_Table_Limit                              
00003ec5  __TI_auto_init                                        
200000f0  __TI_cleanup_ptr                                      
000042d5  __TI_decompress_none                                  
000042e9  __TI_decompress_rle24                                 
200000f4  __TI_dtors_ptr                                        
200000f8  __TI_enable_exit_profile_output                       
ffffffff  __TI_pprof_out_hndl                                   
ffffffff  __TI_prof_data_size                                   
ffffffff  __TI_prof_data_start                                  
00000000  __TI_static_base__                                    
00003cc5  __aeabi_cdcmpeq                                       
00003cc5  __aeabi_cdcmple                                       
00003d4b  __aeabi_cdrcmple                                      
00003f35  __aeabi_d2f                                           
00003273  __aeabi_dadd                                          
000039d9  __aeabi_dmul                                          
00003269  __aeabi_dsub                                          
000041ed  __aeabi_f2iz                                          
00003dd1  __aeabi_fmul                                          
00004225  __aeabi_i2f                                           
00003e4b  __aeabi_memclr                                        
00003e4b  __aeabi_memclr4                                       
00003e4b  __aeabi_memclr8                                       
00003c29  __aeabi_memcpy                                        
00003c29  __aeabi_memcpy4                                       
00003c29  __aeabi_memcpy8                                       
00003e4d  __aeabi_memset                                        
00003e4d  __aeabi_memset4                                       
00003e4d  __aeabi_memset8                                       
00004289  __aeabi_ui2d                                          
ffffffff  __binit__                                             
0000539c  __c_args__                                            
0001ffa8  __ccfg                                                
0000341f  __mpu_init                                            
20004f00  __stack                                               
000042a9  _args_main                                            
000041ad  _c_int00                                              
200000fc  _lock                                                 
000042cf  _nop                                                  
000042c7  _register_lock                                        
000042c1  _register_unlock                                      
0000406b  _system_post_cinit                                    
000042ef  _system_pre_init                                      
20000100  _unlock                                               
000040cd  abort                                                 
20000050  advData                                               
200000d0  advOutput                                             
ffffffff  binit                                                 
20000000  bleDifferentialOverrides                              
00000d01  board_i2c_read                                        
00000f3b  board_i2c_select                                      
00000b3b  board_i2c_shutdown                                    
00000abd  board_i2c_wakeup                                      
00000bdb  board_i2c_write                                       
00000de1  board_i2c_write_read                                  
00000ca3  board_i2c_write_single                                
00002495  board_spi_close                                       
000023c9  board_spi_flush                                       
000023e7  board_spi_open                                        
00002371  board_spi_read                                        
00002325  board_spi_write                                       
20000070  cmdAdv0                                               
20000088  cmdAdv1                                               
200000a0  cmdAdv2                                               
20000030  cmdAdvParam                                           
200000e0  cmdFsPd                                               
200000b8  cmdSetup                                              
00002277  configure_bmp_280                                     
000038b3  configure_opt_3001                                    
00002bfb  configure_tmp_007                                     
0000206d  convert_bmp_280                                       
00003825  convert_opt_3001                                      
00002b23  convert_tmp_007                                       
0000411d  copy_in                                               
00002017  enable_bmp_280                                        
00003779  enable_opt_3001                                       
00002a2d  enable_tmp_007                                        
2000010c  errno                                                 
000040d5  exit                                                  
00002e85  exp2                                                  
00002e85  exp2l                                                 
00001db9  ext_flash_close                                       
00001f09  ext_flash_erase                                       
00001fd1  ext_flash_init                                        
00001d83  ext_flash_open                                        
00001dc5  ext_flash_read                                        
00001fbd  ext_flash_test                                        
00001e41  ext_flash_write                                       
00000000  g_pfnVectors                                          
00003421  initInterrupts                                        
00003bfd  initRTC                                               
000030d9  initRadio                                             
00003179  initRadioInts                                         
00001ff5  init_bmp_280                                          
0000178d  ledInit                                               
000017cd  main                                                  
20000110  main_func_sp                                          
00003c29  memcpy                                                
00003e53  memset                                                
0000350f  powerConfigureRecharge                                
00003445  powerDisableAuxForceOn                                
00003481  powerDisableAuxRamRet                                 
000034b5  powerDisableCPU                                       
0000345b  powerDisableCache                                     
00003475  powerDisableCacheRetention                            
000034c5  powerDisableFlashInIdle                               
000034f9  powerDisableMcuPdReq                                  
000034a7  powerDisablePeriph                                    
00003491  powerDisableRFC                                       
00003531  powerDisableXtal                                      
000034db  powerDivideInfClkDS                                   
000034cd  powerEnableAUXPdReq                                   
0000343d  powerEnableAuxForceOn                                 
0000344d  powerEnableCache                                      
00003469  powerEnableCacheRetention                             
000034bd  powerEnableFlashInIdle                                
00003501  powerEnableGPIOClockRunMode                           
000034f1  powerEnableMcuPdReq                                   
00003499  powerEnablePeriph                                     
00003489  powerEnableRFC                                        
00003529  powerEnableXtal                                       
00003539  powerEnableXtalInterface                              
0000310d  radioCmdBusRequest                                    
0000312b  radioCmdStartRAT                                      
00003105  radioPatch                                            
0000313d  radioSetupAndTransmit                                 
00003147  radioUpdateAdvData                                    
00002043  read_data_bmp_280                                     
000037c3  read_data_opt_3001                                    
00002a7d  read_data_tmp_007                                     
20000116  rfAdvertisingDone                                     
20000114  rfBootDone                                            
20000115  rfSetupDone                                           
000030fd  runRadio                                              
00001fe9  select_bmp_280                                        
0000376d  select_opt_3001                                       
00003ad5  sensor_common_read_reg                                
00003b57  sensor_common_set_error_data                          
00003af1  sensor_common_write_reg                               
00001725  sensorsInit                                           
000001c5  trimDevice                                            
0000387b  value                                                 
00002205  value_bmp_280                                         
00002b75  value_tmp_007                                         
00003569  waitUntilAUXReady                                     
00003557  waitUntilPeriphReady                                  
00003545  waitUntilRFCReady                                     


GLOBAL SYMBOLS: SORTED BY Symbol Address 

address   name                                                  
-------   ----                                                  
00000000  __TI_static_base__                                    
00000000  g_pfnVectors                                          
00000100  __STACK_SIZE                                          
000001c5  trimDevice                                            
00000559  SignExtendVddrTrimValue                               
00000abd  board_i2c_wakeup                                      
00000b3b  board_i2c_shutdown                                    
00000bdb  board_i2c_write                                       
00000ca3  board_i2c_write_single                                
00000d01  board_i2c_read                                        
00000de1  board_i2c_write_read                                  
00000f3b  board_i2c_select                                      
000010b3  NOROM_SysCtrlPowerEverything                          
0000119f  NOROM_SysCtrlStandby                                  
000011b9  NOROM_SysCtrlPowerdown                                
000011e7  NOROM_SysCtrlShutdown                                 
00001241  SysCtrlSetRechargeBeforePowerDown                     
00001525  SysCtrlAdjustRechargeAfterPowerDown                   
000015c9  SysCtrl_DCDC_VoltageConditionalControl                
00001659  NOROM_SysCtrlResetSourceGet                           
000016d5  GPIOIntHandler                                        
00001725  sensorsInit                                           
0000178d  ledInit                                               
000017cd  main                                                  
00001d83  ext_flash_open                                        
00001db9  ext_flash_close                                       
00001dc5  ext_flash_read                                        
00001e41  ext_flash_write                                       
00001f09  ext_flash_erase                                       
00001fbd  ext_flash_test                                        
00001fd1  ext_flash_init                                        
00001fe9  select_bmp_280                                        
00001ff5  init_bmp_280                                          
00002017  enable_bmp_280                                        
00002043  read_data_bmp_280                                     
0000206d  convert_bmp_280                                       
00002205  value_bmp_280                                         
00002277  configure_bmp_280                                     
00002325  board_spi_write                                       
00002371  board_spi_read                                        
000023c9  board_spi_flush                                       
000023e7  board_spi_open                                        
00002495  board_spi_close                                       
0000261b  NOROM_PowerCtrlStateSet                               
00002737  NOROM_PowerCtrlSourceSet                              
000027ed  NOROM_OSCClockSourceSet                               
0000283d  NOROM_OSCClockSourceGet                               
0000286d  NOROM_OSCInterfaceEnable                              
0000289b  OSCHF_GetStartupTime                                  
0000295d  OSCHF_TurnOnXosc                                      
00002971  OSCHF_AttemptToSwitchToXosc                           
000029d1  OSCHF_SwitchToRcOscTurnOffXosc                        
00002a2d  enable_tmp_007                                        
00002a7d  read_data_tmp_007                                     
00002b23  convert_tmp_007                                       
00002b75  value_tmp_007                                         
00002bfb  configure_tmp_007                                     
00002d3d  NOROM_DDI16BitWrite                                   
00002d8d  NOROM_DDI16BitfieldWrite                              
00002ddf  NOROM_DDI16BitRead                                    
00002e27  NOROM_DDI16BitfieldRead                               
00002e85  exp2                                                  
00002e85  exp2l                                                 
000030d9  initRadio                                             
000030fd  runRadio                                              
00003105  radioPatch                                            
0000310d  radioCmdBusRequest                                    
0000312b  radioCmdStartRAT                                      
0000313d  radioSetupAndTransmit                                 
00003147  radioUpdateAdvData                                    
00003179  initRadioInts                                         
0000318b  RFCCPE1IntHandler                                     
000031a3  RFCCPE0IntHandler                                     
00003269  __aeabi_dsub                                          
00003273  __aeabi_dadd                                          
0000341f  __mpu_init                                            
00003421  initInterrupts                                        
0000343d  powerEnableAuxForceOn                                 
00003445  powerDisableAuxForceOn                                
0000344d  powerEnableCache                                      
0000345b  powerDisableCache                                     
00003469  powerEnableCacheRetention                             
00003475  powerDisableCacheRetention                            
00003481  powerDisableAuxRamRet                                 
00003489  powerEnableRFC                                        
00003491  powerDisableRFC                                       
00003499  powerEnablePeriph                                     
000034a7  powerDisablePeriph                                    
000034b5  powerDisableCPU                                       
000034bd  powerEnableFlashInIdle                                
000034c5  powerDisableFlashInIdle                               
000034cd  powerEnableAUXPdReq                                   
000034db  powerDivideInfClkDS                                   
000034f1  powerEnableMcuPdReq                                   
000034f9  powerDisableMcuPdReq                                  
00003501  powerEnableGPIOClockRunMode                           
0000350f  powerConfigureRecharge                                
00003529  powerEnableXtal                                       
00003531  powerDisableXtal                                      
00003539  powerEnableXtalInterface                              
00003545  waitUntilRFCReady                                     
00003557  waitUntilPeriphReady                                  
00003569  waitUntilAUXReady                                     
00003625  ChipInfo_GetSupportedProtocol_BV                      
0000362f  ChipInfo_GetPackageType                               
00003661  ChipInfo_GetChipFamily                                
000036b7  ChipInfo_GetHwRevision                                
0000374b  ThisCodeIsBuiltForCC26xxHwRev22AndLater_HaltIfViolated
0000376d  select_opt_3001                                       
00003779  enable_opt_3001                                       
000037c3  read_data_opt_3001                                    
00003825  convert_opt_3001                                      
0000387b  value                                                 
000038b3  configure_opt_3001                                    
000038d9  NOROM_VIMSConfigure                                   
0000391b  NOROM_VIMSModeSet                                     
00003947  NOROM_VIMSModeGet                                     
00003967  NOROM_VIMSModeSafeSet                                 
000039d9  __aeabi_dmul                                          
00003ad5  sensor_common_read_reg                                
00003af1  sensor_common_write_reg                               
00003b57  sensor_common_set_error_data                          
00003bfd  initRTC                                               
00003c05  AONRTCIntHandler                                      
00003c29  __aeabi_memcpy                                        
00003c29  __aeabi_memcpy4                                       
00003c29  __aeabi_memcpy8                                       
00003c29  memcpy                                                
00003cc5  __aeabi_cdcmpeq                                       
00003cc5  __aeabi_cdcmple                                       
00003d4b  __aeabi_cdrcmple                                      
00003dd1  __aeabi_fmul                                          
00003e4b  __aeabi_memclr                                        
00003e4b  __aeabi_memclr4                                       
00003e4b  __aeabi_memclr8                                       
00003e4d  __aeabi_memset                                        
00003e4d  __aeabi_memset4                                       
00003e4d  __aeabi_memset8                                       
00003e53  memset                                                
00003ec5  __TI_auto_init                                        
00003f35  __aeabi_d2f                                           
0000400d  ResetISR                                              
0000406b  _system_post_cinit                                    
0000406d  NOROM_AONRTCCurrentCompareValueGet                    
00004099  NOROM_AONRTCCurrent64BitValueGet                      
000040c9  C$$EXIT                                               
000040cd  abort                                                 
000040d5  exit                                                  
0000411d  copy_in                                               
00004169  AONBatMonTemperatureGetDegC                           
000041ad  _c_int00                                              
000041ed  __aeabi_f2iz                                          
00004225  __aeabi_i2f                                           
0000425d  NOROM_CPUcpsid                                        
00004269  NOROM_CPUprimask                                      
00004273  NOROM_CPUcpsie                                        
0000427f  NOROM_CPUbasepriGet                                   
00004289  __aeabi_ui2d                                          
000042a9  _args_main                                            
000042c1  _register_unlock                                      
000042c7  _register_lock                                        
000042cf  _nop                                                  
000042d5  __TI_decompress_none                                  
000042e3  NOROM_CPUdelay                                        
000042e9  __TI_decompress_rle24                                 
000042ef  _system_pre_init                                      
0000539c  __c_args__                                            
0000545c  __TI_Handler_Table_Base                               
00005464  __TI_CINIT_Base                                       
00005464  __TI_Handler_Table_Limit                              
00005474  __TI_CINIT_Limit                                      
0001ffa8  __ccfg                                                
20000000  bleDifferentialOverrides                              
20000030  cmdAdvParam                                           
20000050  advData                                               
20000070  cmdAdv0                                               
20000088  cmdAdv1                                               
200000a0  cmdAdv2                                               
200000b8  cmdSetup                                              
200000d0  advOutput                                             
200000e0  cmdFsPd                                               
200000f0  __TI_cleanup_ptr                                      
200000f4  __TI_dtors_ptr                                        
200000f8  __TI_enable_exit_profile_output                       
200000fc  _lock                                                 
20000100  _unlock                                               
2000010c  errno                                                 
20000110  main_func_sp                                          
20000114  rfBootDone                                            
20000115  rfSetupDone                                           
20000116  rfAdvertisingDone                                     
20004f00  __stack                                               
20005000  __STACK_END                                           
20005000  __STACK_TOP                                           
ffffffff  __TI_pprof_out_hndl                                   
ffffffff  __TI_prof_data_size                                   
ffffffff  __TI_prof_data_start                                  
ffffffff  __binit__                                             
ffffffff  binit                                                 
UNDEFED   SHT$$INIT_ARRAY$$Base                                 
UNDEFED   SHT$$INIT_ARRAY$$Limit                                

[201 symbols]
