******************************************************************************
                  TI ARM Linker PC v15.12.1                    
******************************************************************************
>> Linked Wed May 25 14:15:51 2016

OUTPUT FILE NAME:   <meli16.out>
ENTRY POINT SYMBOL: "ResetISR"  address: 00002881


MEMORY CONFIGURATION

         name            origin    length      used     unused   attr    fill
----------------------  --------  ---------  --------  --------  ----  --------
  FLASH                 00000000   00020000  000060f4  00019f0c  R  X
  GPRAM                 11000000   00002000  00000000  00002000  RW X
  SRAM                  20000000   00005000  000002c2  00004d3e  RW X


SEGMENT ALLOCATION MAP

run origin  load origin   length   init length attrs members
----------  ----------- ---------- ----------- ----- -------
00000000    00000000    00005fc2   00005fc2    r-x
  00000000    00000000    000000c8   000000c8    r-- .intvecs
  000000c8    000000c8    00004e56   00004e56    r-x .text
  00004f20    00004f20    000010a2   000010a2    r-- .const
00005fc4    00005fc4    00000008   00000008    rw-
  00005fc4    00005fc4    00000008   00000008    rw- .args
00005fd0    00005fd0    000000d4   000000d4    r--
  00005fd0    00005fd0    000000d4   000000d4    r-- .cinit
0001ffa8    0001ffa8    00000058   00000058    r--
  0001ffa8    0001ffa8    00000058   00000058    r-- .ccfg
20000000    20000000    000001c6   00000000    rw-
  20000000    20000000    00000114   00000000    rw- .data
  20000118    20000118    000000ae   00000000    rw- .bss
20004f00    20004f00    00000100   00000000    rw-
  20004f00    20004f00    00000100   00000000    rw- .stack


SECTION ALLOCATION MAP

 output                                  attributes/
section   page    origin      length       input sections
--------  ----  ----------  ----------   ----------------
.intvecs   0    00000000    000000c8     
                  00000000    000000c8     startup_ccs.obj (.intvecs)

.text      0    000000c8    00004e56     
                  000000c8    0000090c     setup.obj (.text)
                  000009d4    00000664     sys_ctrl.obj (.text)
                  00001038    00000628     system.obj (.text)
                  00001660    000005f4     board-i2c.obj (.text)
                  00001c54    000005a4     main.obj (.text)
                  000021f8    0000041c     ext-flash.obj (.text)
                  00002614    00000328     startup_ccs.obj (.text)
                  0000293c    000002a8     bmp-280-sensor.obj (.text)
                  00002be4    00000288     board-spi.obj (.text)
                  00002e6c    00000288     pwr_ctrl.obj (.text)
                  000030f4    00000280     osc.obj (.text)
                  00003374    00000258     tmp-007-sensor.obj (.text)
                  000035cc    00000254     spi.obj (.text)
                  00003820    00000224     ddi.obj (.text)
                  00003a44    000001f8     rtsv7M3_T_le_eabi.lib : s_exp2.obj (.text)
                  00003c3c    000001b6                           : fd_add_t2.obj (.text)
                  00003df2    00000002                           : mpu_init.obj (.text)
                  00003df4    000001a8     hdc-1000-sensor.obj (.text)
                  00003f9c    0000019c     chipinfo.obj (.text)
                  00004138    0000017c     radio.obj (.text)
                  000042b4    0000016c     opt-3001-sensor.obj (.text)
                  00004420    00000136     rtsv7M3_T_le_eabi.lib : fd_div_t2.obj (.text)
                  00004556    00000002                           : startup.obj (.text)
                  00004558    00000100     vims.obj (.text)
                  00004658    000000fc     rtsv7M3_T_le_eabi.lib : fd_mul_t2.obj (.text)
                  00004754    000000b8     sensor-common.obj (.text)
                  0000480c    0000009c     rtsv7M3_T_le_eabi.lib : memcpy_t2.obj (.text)
                  000048a8    00000086                           : fd_cmp_t2.obj (.text:__aeabi_cdcmple)
                  0000492e    00000086                           : fd_cmp_t2.obj (.text:__aeabi_cdrcmple)
                  000049b4    0000007a                           : fs_mul_t2.obj (.text)
                  00004a2e    0000007a                           : memset_t2.obj (.text)
                  00004aa8    00000078     rtc.obj (.text)
                  00004b20    00000070     rtsv7M3_T_le_eabi.lib : autoinit.obj (.text)
                  00004b90    0000006e                           : fd_tos_t2.obj (.text)
                  00004bfe    0000006a                           : copy_decompress_rle.obj (.text)
                  00004c68    0000005c     aon_rtc.obj (.text)
                  00004cc4    00000054     rtsv7M3_T_le_eabi.lib : exit.obj (.text)
                  00004d18    0000004c                           : cpy_tbl.obj (.text)
                  00004d64    00000044     aon_batmon.obj (.text)
                  00004da8    00000040     rtsv7M3_T_le_eabi.lib : boot.obj (.text)
                  00004de8    00000038                           : fs_toi_t2.obj (.text)
                  00004e20    00000038                           : i_tofs_t2.obj (.text)
                  00004e58    0000002e                           : i_tofd_t2.obj (.text)
                  00004e86    0000002c     cpu.obj (.text)
                  00004eb2    00000020     rtsv7M3_T_le_eabi.lib : u_tofd_t2.obj (.text)
                  00004ed2    00000002     --HOLE-- [fill = 0]
                  00004ed4    00000018                           : args_main.obj (.text)
                  00004eec    00000014                           : _lock.obj (.text)
                  00004f00    0000000e                           : copy_decompress_none.obj (.text:decompress:none)
                  00004f0e    00000006     cpu.obj (.text:NOROM_CPUdelay)
                  00004f14    00000006     rtsv7M3_T_le_eabi.lib : copy_decompress_rle.obj (.text:decompress:rle24)
                  00004f1a    00000004                           : pre_init.obj (.text)

.const     0    00004f20    000010a2     
                  00004f20    00001000     rtsv7M3_T_le_eabi.lib : s_exp2.obj (.const:tbl)
                  00005f20    00000068     radio.obj (.const:patchImage)
                  00005f88    00000034     sys_ctrl.obj (.const:g_pui32ModuleCG)
                  00005fbc    00000004     ext-flash.obj (.const:.string:$P$T1$2)
                  00005fc0    00000001     ext-flash.obj (.const:.string:$P$T0$1)
                  00005fc1    00000001     ext-flash.obj (.const:.string:$P$T2$3)

.cinit     0    00005fd0    000000d4     
                  00005fd0    000000ab     (.cinit..data.load) [load image, compression = rle]
                  0000607b    00000005     --HOLE-- [fill = 0]
                  00006080    00000009     (.cinit..bss.load) [load image, compression = rle]
                  00006089    00000003     --HOLE-- [fill = 0]
                  0000608c    00000008     (__TI_handler_table)
                  00006094    00000010     (__TI_cinit_table)

.init_array 
*          0    00000000    00000000     UNINITIALIZED

.ccfg      0    0001ffa8    00000058     
                  0001ffa8    00000058     ccfg.obj (.ccfg:retain)

.data      0    20000000    00000114     UNINITIALIZED
                  20000000    00000030     radio.obj (.data:bleDifferentialOverrides)
                  20000030    00000020     radio.obj (.data:cmdAdvParam)
                  20000050    00000018     radio.obj (.data:advData)
                  20000068    00000018     radio.obj (.data:cmdAdv0)
                  20000080    00000018     radio.obj (.data:cmdAdv1)
                  20000098    00000018     radio.obj (.data:cmdAdv2)
                  200000b0    00000018     radio.obj (.data:cmdSetup)
                  200000c8    00000010     radio.obj (.data:advOutput)
                  200000d8    00000010     radio.obj (.data:cmdFsPd)
                  200000e8    0000000c     rtsv7M3_T_le_eabi.lib : exit.obj (.data:$O1$$)
                  200000f4    00000008                           : _lock.obj (.data:$O1$$)
                  200000fc    00000008     main.obj (.data)
                  20000104    00000004     opt-3001-sensor.obj (.data)
                  20000108    00000004     rtsv7M3_T_le_eabi.lib : errno.obj (.data)
                  2000010c    00000004                           : stkdepth_vars.obj (.data)
                  20000110    00000002     board-i2c.obj (.data)
                  20000112    00000002     tmp-007-sensor.obj (.data)

.bss       0    20000118    000000ae     UNINITIALIZED
                  20000118    00000020     sensor-common.obj (.bss:buffer)
                  20000138    00000018     bmp-280-sensor.obj (.bss:calibration_data)
                  20000150    00000018     (.common:payload)
                  20000168    00000014     osc.obj (.bss:oscHfGlobals)
                  2000017c    0000000c     tmp-007-sensor.obj (.bss)
                  20000188    00000008     sys_ctrl.obj (.bss:powerQualGlobals)
                  20000190    00000008     radio.obj (.bss)
                  20000198    00000008     bmp-280-sensor.obj (.bss:sensor_value)
                  200001a0    00000005     hdc-1000-sensor.obj (.bss)
                  200001a5    00000004     tmp-007-sensor.obj (.bss:buf)
                  200001a9    00000001     (.common:g_button_pressed)
                  200001aa    00000004     hdc-1000-sensor.obj (.bss:data)
                  200001ae    00000001     (.common:g_humidity_acitve)
                  200001af    00000001     (.common:g_humidity_active)
                  200001b0    00000004     (.common:g_current_energy_state)
                  200001b4    00000004     (.common:g_current_wake_up_time)
                  200001b8    00000004     (.common:g_timestamp1)
                  200001bc    00000004     (.common:g_timestamp2)
                  200001c0    00000001     (.common:g_measurement_done)
                  200001c1    00000001     (.common:g_pressure_set)
                  200001c2    00000001     (.common:g_temp_active)
                  200001c3    00000001     (.common:rfAdvertisingDone)
                  200001c4    00000001     (.common:rfBootDone)
                  200001c5    00000001     (.common:rfSetupDone)

.stack     0    20004f00    00000100     UNINITIALIZED
                  20004f00    00000100     --HOLE--

.args      0    00005fc4    00000008     
                  00005fc4    00000008     --HOLE-- [fill = 0]

MODULE SUMMARY

       Module                     code    ro data   rw data
       ------                     ----    -------   -------
    .\
       system.obj                 1576    0         1      
       main.obj                   1444    0         48     
       radio.obj                  380     104       240    
       spi.obj                    596     0         0      
       rtc.obj                    120     0         8      
       ccfg.obj                   0       88        0      
    +--+--------------------------+-------+---------+---------+
       Total:                     4116    192       297    
                                                           
    .\cc26xxware_2_22_00_16101\driverLib\
       setup.obj                  2316    0         0      
       sys_ctrl.obj               1636    52        8      
       osc.obj                    640     0         20     
       pwr_ctrl.obj               648     0         0      
       ddi.obj                    548     0         0      
       chipinfo.obj               412     0         0      
       vims.obj                   256     0         0      
       aon_rtc.obj                92      0         0      
       aon_batmon.obj             68      0         0      
       cpu.obj                    50      0         0      
    +--+--------------------------+-------+---------+---------+
       Total:                     6666    52        28     
                                                           
    .\cc26xxware_2_22_00_16101\startup_files\
       startup_ccs.obj            808     200       0      
    +--+--------------------------+-------+---------+---------+
       Total:                     808     200       0      
                                                           
    .\interfaces\
       board-i2c.obj              1524    0         2      
       board-spi.obj              648     0         0      
    +--+--------------------------+-------+---------+---------+
       Total:                     2172    0         2      
                                                           
    .\sensors\
       ext-flash.obj              1052    6         0      
       bmp-280-sensor.obj         680     0         32     
       tmp-007-sensor.obj         600     0         18     
       hdc-1000-sensor.obj        424     0         9      
       opt-3001-sensor.obj        364     0         4      
       sensor-common.obj          184     0         32     
    +--+--------------------------+-------+---------+---------+
       Total:                     3304    6         95     
                                                           
    C:\ti\ccsv6\tools\compiler\ti-cgt-arm_15.12.1.LTS\lib\rtsv7M3_T_le_eabi.lib
       s_exp2.obj                 504     4096      0      
       fd_add_t2.obj              438     0         0      
       fd_div_t2.obj              310     0         0      
       fd_cmp_t2.obj              268     0         0      
       fd_mul_t2.obj              252     0         0      
       memcpy_t2.obj              156     0         0      
       fs_mul_t2.obj              122     0         0      
       memset_t2.obj              122     0         0      
       autoinit.obj               112     0         0      
       copy_decompress_rle.obj    112     0         0      
       fd_tos_t2.obj              110     0         0      
       exit.obj                   84      0         12     
       cpy_tbl.obj                76      0         0      
       boot.obj                   64      0         0      
       fs_toi_t2.obj              56      0         0      
       i_tofs_t2.obj              56      0         0      
       i_tofd_t2.obj              46      0         0      
       u_tofd_t2.obj              32      0         0      
       _lock.obj                  20      0         8      
       args_main.obj              24      0         0      
       copy_decompress_none.obj   14      0         0      
       errno.obj                  0       0         4      
       pre_init.obj               4       0         0      
       stkdepth_vars.obj          0       0         4      
       mpu_init.obj               2       0         0      
       startup.obj                2       0         0      
    +--+--------------------------+-------+---------+---------+
       Total:                     2986    4096      28     
                                                           
       Stack:                     0       0         256    
       Linker Generated:          0       204       0      
    +--+--------------------------+-------+---------+---------+
       Grand Total:               20052   4750      706    


LINKER GENERATED COPY TABLES

__TI_cinit_table @ 00006094 records: 2, size/record: 8, table size: 16
	.data: load addr=00005fd0, load size=000000ab bytes, run addr=20000000, run size=00000114 bytes, compression=rle
	.bss: load addr=00006080, load size=00000009 bytes, run addr=20000118, run size=000000ae bytes, compression=rle


LINKER GENERATED HANDLER TABLE

__TI_handler_table @ 0000608c records: 2, size/record: 4, table size: 8
	index: 0, handler: __TI_decompress_rle24
	index: 1, handler: __TI_decompress_none


GLOBAL SYMBOLS: SORTED ALPHABETICALLY BY Name 

address   name                                                  
-------   ----                                                  
00004d65  AONBatMonTemperatureGetDegC                           
00004aed  AONRTCCurrentSubSecValueGet                           
00004cc5  C$$EXIT                                               
0000402d  ChipInfo_GetChipFamily                                
00004083  ChipInfo_GetHwRevision                                
00003ffb  ChipInfo_GetPackageType                               
00003ff1  ChipInfo_GetSupportedProtocol_BV                      
000035ed  EM8500read                                            
00004c95  NOROM_AONRTCCurrent64BitValueGet                      
00004c69  NOROM_AONRTCCurrentCompareValueGet                    
00004ea9  NOROM_CPUbasepriGet                                   
00004e87  NOROM_CPUcpsid                                        
00004e9d  NOROM_CPUcpsie                                        
00004f0f  NOROM_CPUdelay                                        
00004e93  NOROM_CPUprimask                                      
0000399f  NOROM_DDI16BitRead                                    
000038fd  NOROM_DDI16BitWrite                                   
000039e7  NOROM_DDI16BitfieldRead                               
0000394d  NOROM_DDI16BitfieldWrite                              
00003185  NOROM_OSCClockSourceGet                               
00003135  NOROM_OSCClockSourceSet                               
000031b5  NOROM_OSCInterfaceEnable                              
0000307f  NOROM_PowerCtrlSourceSet                              
00002f63  NOROM_PowerCtrlStateSet                               
00000a4b  NOROM_SysCtrlPowerEverything                          
00000b51  NOROM_SysCtrlPowerdown                                
00000ff1  NOROM_SysCtrlResetSourceGet                           
00000b7f  NOROM_SysCtrlShutdown                                 
00000b37  NOROM_SysCtrlStandby                                  
00004559  NOROM_VIMSConfigure                                   
000045c7  NOROM_VIMSModeGet                                     
000045e7  NOROM_VIMSModeSafeSet                                 
0000459b  NOROM_VIMSModeSet                                     
000032b9  OSCHF_AttemptToSwitchToXosc                           
000031e3  OSCHF_GetStartupTime                                  
00003319  OSCHF_SwitchToRcOscTurnOffXosc                        
000032a5  OSCHF_TurnOnXosc                                      
00002881  ResetISR                                              
UNDEFED   SHT$$INIT_ARRAY$$Base                                 
UNDEFED   SHT$$INIT_ARRAY$$Limit                                
00000559  SignExtendVddrTrimValue                               
00000ebd  SysCtrlAdjustRechargeAfterPowerDown                   
00000bd9  SysCtrlSetRechargeBeforePowerDown                     
00000f61  SysCtrl_DCDC_VoltageConditionalControl                
00004117  ThisCodeIsBuiltForCC26xxHwRev22AndLater_HaltIfViolated
20005000  __STACK_END                                           
00000100  __STACK_SIZE                                          
20005000  __STACK_TOP                                           
00006094  __TI_CINIT_Base                                       
000060a4  __TI_CINIT_Limit                                      
0000608c  __TI_Handler_Table_Base                               
00006094  __TI_Handler_Table_Limit                              
00004b21  __TI_auto_init                                        
200000e8  __TI_cleanup_ptr                                      
00004f01  __TI_decompress_none                                  
00004f15  __TI_decompress_rle24                                 
200000ec  __TI_dtors_ptr                                        
200000f0  __TI_enable_exit_profile_output                       
ffffffff  __TI_pprof_out_hndl                                   
ffffffff  __TI_prof_data_size                                   
ffffffff  __TI_prof_data_start                                  
00000000  __TI_static_base__                                    
000048a9  __aeabi_cdcmpeq                                       
000048a9  __aeabi_cdcmple                                       
0000492f  __aeabi_cdrcmple                                      
00004b91  __aeabi_d2f                                           
00003c47  __aeabi_dadd                                          
00004421  __aeabi_ddiv                                          
00004659  __aeabi_dmul                                          
00003c3d  __aeabi_dsub                                          
00004de9  __aeabi_f2iz                                          
000049b5  __aeabi_fmul                                          
00004e59  __aeabi_i2d                                           
00004e21  __aeabi_i2f                                           
00004a2f  __aeabi_memclr                                        
00004a2f  __aeabi_memclr4                                       
00004a2f  __aeabi_memclr8                                       
0000480d  __aeabi_memcpy                                        
0000480d  __aeabi_memcpy4                                       
0000480d  __aeabi_memcpy8                                       
00004a31  __aeabi_memset                                        
00004a31  __aeabi_memset4                                       
00004a31  __aeabi_memset8                                       
00004eb3  __aeabi_ui2d                                          
ffffffff  __binit__                                             
00005fc4  __c_args__                                            
0001ffa8  __ccfg                                                
00003df3  __mpu_init                                            
20004f00  __stack                                               
00004ed5  _args_main                                            
00004da9  _c_int00                                              
200000f4  _lock                                                 
00004efb  _nop                                                  
00004ef3  _register_lock                                        
00004eed  _register_unlock                                      
00004557  _system_post_cinit                                    
00004f1b  _system_pre_init                                      
200000f8  _unlock                                               
00004cc9  abort                                                 
00002c47  accessible                                            
20000050  advData                                               
200000c8  advOutput                                             
ffffffff  binit                                                 
20000000  bleDifferentialOverrides                              
00001911  board_i2c_read                                        
00001b53  board_i2c_select                                      
000017c7  board_i2c_shutdown                                    
00001749  board_i2c_wakeup                                      
000017f7  board_i2c_write                                       
000019f9  board_i2c_write_read                                  
000018bf  board_i2c_write_single                                
00002ddd  board_spi_close                                       
00002d11  board_spi_flush                                       
00002d2f  board_spi_open                                        
00002cb9  board_spi_read                                        
00002c6d  board_spi_write                                       
20000068  cmdAdv0                                               
20000080  cmdAdv1                                               
20000098  cmdAdv2                                               
20000030  cmdAdvParam                                           
200000d8  cmdFsPd                                               
200000b0  cmdSetup                                              
0000364f  configureEM8500                                       
00002ba1  configure_bmp_280                                     
00003f51  configure_hdc_1000                                    
000043fb  configure_opt_3001                                    
00003563  configure_tmp_007                                     
0000299f  convert_bmp_280                                       
00003ead  convert_hdc_1000                                      
0000436d  convert_opt_3001                                      
0000346b  convert_tmp_007                                       
00004d19  copy_in                                               
00004235  enableRadioInterrupts                                 
00002949  enable_bmp_280                                        
000042c1  enable_opt_3001                                       
00003375  enable_tmp_007                                        
20000108  errno                                                 
00004cd1  exit                                                  
00003a45  exp2                                                  
00003a45  exp2l                                                 
000023e5  ext_flash_close                                       
00002535  ext_flash_erase                                       
000025fd  ext_flash_init                                        
000023af  ext_flash_open                                        
000023f1  ext_flash_read                                        
000025e9  ext_flash_test                                        
0000246d  ext_flash_write                                       
200001a9  g_button_pressed                                      
200001b0  g_current_energy_state                                
200001b4  g_current_wake_up_time                                
200001ae  g_humidity_acitve                                     
200001af  g_humidity_active                                     
200001c0  g_measurement_done                                    
00000000  g_pfnVectors                                          
200001c1  g_pressure_set                                        
200001c2  g_temp_active                                         
20000112  g_temp_calibration                                    
200001b8  g_timestamp1                                          
200001bc  g_timestamp2                                          
00001d03  getData                                               
0000138d  getEnergyStateFromGPIO                                
00001295  getEnergyStateFromSPI                                 
0000139d  getTime                                               
000011cb  initBLEBuffer                                         
00001121  initGPIOInterrupts                                    
00001159  initRFInterrupts                                      
00001109  initRTCInterrupts                                     
00004195  initRadio                                             
00004247  initRadioInts                                         
00001269  initSPI                                               
0000116f  initSensors                                           
00001c89  initSensortag                                         
000010f9  initWUCEvent                                          
00002bb9  init_bmp_280                                          
00003df5  init_hdc_1000                                         
0000217d  main                                                  
2000010c  main_func_sp                                          
0000480d  memcpy                                                
00004a37  memset                                                
20000150  payload                                               
000014db  powerConfigureRecharge                                
000013cd  powerDisableAuxForceOn                                
0000141d  powerDisableAuxRamRet                                 
00001469  powerDisableCPU                                       
000013ed  powerDisableCache                                     
00001411  powerDisableCacheRetention                            
00001479  powerDisableFlashInIdle                               
000014c5  powerDisableMcuPdReq                                  
00001451  powerDisablePeriph                                    
00001431  powerDisableRFC                                       
00001579  powerDisableSPIdomain                                 
000014fd  powerDisableXtal                                      
0000149d  powerDivideInfClkDS                                   
00001481  powerEnableAUXPdReq                                   
000013bf  powerEnableAuxForceOn                                 
000013d9  powerEnableCache                                      
00001401  powerEnableCacheRetention                             
00001471  powerEnableFlashInIdle                                
000014cd  powerEnableGPIOClockRunMode                           
000014b3  powerEnableMcuPdReq                                   
0000143d  powerEnablePeriph                                     
00001425  powerEnableRFC                                        
00001531  powerEnableSPIdomain                                  
000014f5  powerEnableXtal                                       
00001505  powerEnableXtalInterface                              
000041c9  radioCmdBusRequest                                    
000041e7  radioCmdStartRAT                                      
000041c1  radioPatch                                            
000041f9  radioSetupAndTransmit                                 
00004203  radioUpdateAdvData                                    
00003777  readStatusRegisterEM8500                              
00002975  read_data_bmp_280                                     
00003e45  read_data_hdc_1000                                    
0000430b  read_data_opt_3001                                    
000033c5  read_data_tmp_007                                     
200001c3  rfAdvertisingDone                                     
200001c4  rfBootDone                                            
200001c5  rfSetupDone                                           
000041b9  runRadio                                              
0000293d  select_bmp_280                                        
000042b5  select_opt_3001                                       
00002081  sendData                                              
00004755  sensor_common_read_reg                                
000047d7  sensor_common_set_error_data                          
00004771  sensor_common_write_reg                               
00001e21  setData                                               
0000212d  sleep                                                 
00003e21  start_hdc_1000                                        
000001c5  trimDevice                                            
00004aa9  updateRTCWakeUpTime                                   
000043c3  value                                                 
00002b37  value_bmp_280                                         
00003eff  value_hdc_1000                                        
000034bd  value_tmp_007                                         
000015e9  waitUntilAUXReady                                     
000015d1  waitUntilPeriphReady                                  
000015a1  waitUntilRFCReady                                     


GLOBAL SYMBOLS: SORTED BY Symbol Address 

address   name                                                  
-------   ----                                                  
00000000  __TI_static_base__                                    
00000000  g_pfnVectors                                          
00000100  __STACK_SIZE                                          
000001c5  trimDevice                                            
00000559  SignExtendVddrTrimValue                               
00000a4b  NOROM_SysCtrlPowerEverything                          
00000b37  NOROM_SysCtrlStandby                                  
00000b51  NOROM_SysCtrlPowerdown                                
00000b7f  NOROM_SysCtrlShutdown                                 
00000bd9  SysCtrlSetRechargeBeforePowerDown                     
00000ebd  SysCtrlAdjustRechargeAfterPowerDown                   
00000f61  SysCtrl_DCDC_VoltageConditionalControl                
00000ff1  NOROM_SysCtrlResetSourceGet                           
000010f9  initWUCEvent                                          
00001109  initRTCInterrupts                                     
00001121  initGPIOInterrupts                                    
00001159  initRFInterrupts                                      
0000116f  initSensors                                           
000011cb  initBLEBuffer                                         
00001269  initSPI                                               
00001295  getEnergyStateFromSPI                                 
0000138d  getEnergyStateFromGPIO                                
0000139d  getTime                                               
000013bf  powerEnableAuxForceOn                                 
000013cd  powerDisableAuxForceOn                                
000013d9  powerEnableCache                                      
000013ed  powerDisableCache                                     
00001401  powerEnableCacheRetention                             
00001411  powerDisableCacheRetention                            
0000141d  powerDisableAuxRamRet                                 
00001425  powerEnableRFC                                        
00001431  powerDisableRFC                                       
0000143d  powerEnablePeriph                                     
00001451  powerDisablePeriph                                    
00001469  powerDisableCPU                                       
00001471  powerEnableFlashInIdle                                
00001479  powerDisableFlashInIdle                               
00001481  powerEnableAUXPdReq                                   
0000149d  powerDivideInfClkDS                                   
000014b3  powerEnableMcuPdReq                                   
000014c5  powerDisableMcuPdReq                                  
000014cd  powerEnableGPIOClockRunMode                           
000014db  powerConfigureRecharge                                
000014f5  powerEnableXtal                                       
000014fd  powerDisableXtal                                      
00001505  powerEnableXtalInterface                              
00001531  powerEnableSPIdomain                                  
00001579  powerDisableSPIdomain                                 
000015a1  waitUntilRFCReady                                     
000015d1  waitUntilPeriphReady                                  
000015e9  waitUntilAUXReady                                     
00001749  board_i2c_wakeup                                      
000017c7  board_i2c_shutdown                                    
000017f7  board_i2c_write                                       
000018bf  board_i2c_write_single                                
00001911  board_i2c_read                                        
000019f9  board_i2c_write_read                                  
00001b53  board_i2c_select                                      
00001c89  initSensortag                                         
00001d03  getData                                               
00001e21  setData                                               
00002081  sendData                                              
0000212d  sleep                                                 
0000217d  main                                                  
000023af  ext_flash_open                                        
000023e5  ext_flash_close                                       
000023f1  ext_flash_read                                        
0000246d  ext_flash_write                                       
00002535  ext_flash_erase                                       
000025e9  ext_flash_test                                        
000025fd  ext_flash_init                                        
00002881  ResetISR                                              
0000293d  select_bmp_280                                        
00002949  enable_bmp_280                                        
00002975  read_data_bmp_280                                     
0000299f  convert_bmp_280                                       
00002b37  value_bmp_280                                         
00002ba1  configure_bmp_280                                     
00002bb9  init_bmp_280                                          
00002c47  accessible                                            
00002c6d  board_spi_write                                       
00002cb9  board_spi_read                                        
00002d11  board_spi_flush                                       
00002d2f  board_spi_open                                        
00002ddd  board_spi_close                                       
00002f63  NOROM_PowerCtrlStateSet                               
0000307f  NOROM_PowerCtrlSourceSet                              
00003135  NOROM_OSCClockSourceSet                               
00003185  NOROM_OSCClockSourceGet                               
000031b5  NOROM_OSCInterfaceEnable                              
000031e3  OSCHF_GetStartupTime                                  
000032a5  OSCHF_TurnOnXosc                                      
000032b9  OSCHF_AttemptToSwitchToXosc                           
00003319  OSCHF_SwitchToRcOscTurnOffXosc                        
00003375  enable_tmp_007                                        
000033c5  read_data_tmp_007                                     
0000346b  convert_tmp_007                                       
000034bd  value_tmp_007                                         
00003563  configure_tmp_007                                     
000035ed  EM8500read                                            
0000364f  configureEM8500                                       
00003777  readStatusRegisterEM8500                              
000038fd  NOROM_DDI16BitWrite                                   
0000394d  NOROM_DDI16BitfieldWrite                              
0000399f  NOROM_DDI16BitRead                                    
000039e7  NOROM_DDI16BitfieldRead                               
00003a45  exp2                                                  
00003a45  exp2l                                                 
00003c3d  __aeabi_dsub                                          
00003c47  __aeabi_dadd                                          
00003df3  __mpu_init                                            
00003df5  init_hdc_1000                                         
00003e21  start_hdc_1000                                        
00003e45  read_data_hdc_1000                                    
00003ead  convert_hdc_1000                                      
00003eff  value_hdc_1000                                        
00003f51  configure_hdc_1000                                    
00003ff1  ChipInfo_GetSupportedProtocol_BV                      
00003ffb  ChipInfo_GetPackageType                               
0000402d  ChipInfo_GetChipFamily                                
00004083  ChipInfo_GetHwRevision                                
00004117  ThisCodeIsBuiltForCC26xxHwRev22AndLater_HaltIfViolated
00004195  initRadio                                             
000041b9  runRadio                                              
000041c1  radioPatch                                            
000041c9  radioCmdBusRequest                                    
000041e7  radioCmdStartRAT                                      
000041f9  radioSetupAndTransmit                                 
00004203  radioUpdateAdvData                                    
00004235  enableRadioInterrupts                                 
00004247  initRadioInts                                         
000042b5  select_opt_3001                                       
000042c1  enable_opt_3001                                       
0000430b  read_data_opt_3001                                    
0000436d  convert_opt_3001                                      
000043c3  value                                                 
000043fb  configure_opt_3001                                    
00004421  __aeabi_ddiv                                          
00004557  _system_post_cinit                                    
00004559  NOROM_VIMSConfigure                                   
0000459b  NOROM_VIMSModeSet                                     
000045c7  NOROM_VIMSModeGet                                     
000045e7  NOROM_VIMSModeSafeSet                                 
00004659  __aeabi_dmul                                          
00004755  sensor_common_read_reg                                
00004771  sensor_common_write_reg                               
000047d7  sensor_common_set_error_data                          
0000480d  __aeabi_memcpy                                        
0000480d  __aeabi_memcpy4                                       
0000480d  __aeabi_memcpy8                                       
0000480d  memcpy                                                
000048a9  __aeabi_cdcmpeq                                       
000048a9  __aeabi_cdcmple                                       
0000492f  __aeabi_cdrcmple                                      
000049b5  __aeabi_fmul                                          
00004a2f  __aeabi_memclr                                        
00004a2f  __aeabi_memclr4                                       
00004a2f  __aeabi_memclr8                                       
00004a31  __aeabi_memset                                        
00004a31  __aeabi_memset4                                       
00004a31  __aeabi_memset8                                       
00004a37  memset                                                
00004aa9  updateRTCWakeUpTime                                   
00004aed  AONRTCCurrentSubSecValueGet                           
00004b21  __TI_auto_init                                        
00004b91  __aeabi_d2f                                           
00004c69  NOROM_AONRTCCurrentCompareValueGet                    
00004c95  NOROM_AONRTCCurrent64BitValueGet                      
00004cc5  C$$EXIT                                               
00004cc9  abort                                                 
00004cd1  exit                                                  
00004d19  copy_in                                               
00004d65  AONBatMonTemperatureGetDegC                           
00004da9  _c_int00                                              
00004de9  __aeabi_f2iz                                          
00004e21  __aeabi_i2f                                           
00004e59  __aeabi_i2d                                           
00004e87  NOROM_CPUcpsid                                        
00004e93  NOROM_CPUprimask                                      
00004e9d  NOROM_CPUcpsie                                        
00004ea9  NOROM_CPUbasepriGet                                   
00004eb3  __aeabi_ui2d                                          
00004ed5  _args_main                                            
00004eed  _register_unlock                                      
00004ef3  _register_lock                                        
00004efb  _nop                                                  
00004f01  __TI_decompress_none                                  
00004f0f  NOROM_CPUdelay                                        
00004f15  __TI_decompress_rle24                                 
00004f1b  _system_pre_init                                      
00005fc4  __c_args__                                            
0000608c  __TI_Handler_Table_Base                               
00006094  __TI_CINIT_Base                                       
00006094  __TI_Handler_Table_Limit                              
000060a4  __TI_CINIT_Limit                                      
0001ffa8  __ccfg                                                
20000000  bleDifferentialOverrides                              
20000030  cmdAdvParam                                           
20000050  advData                                               
20000068  cmdAdv0                                               
20000080  cmdAdv1                                               
20000098  cmdAdv2                                               
200000b0  cmdSetup                                              
200000c8  advOutput                                             
200000d8  cmdFsPd                                               
200000e8  __TI_cleanup_ptr                                      
200000ec  __TI_dtors_ptr                                        
200000f0  __TI_enable_exit_profile_output                       
200000f4  _lock                                                 
200000f8  _unlock                                               
20000108  errno                                                 
2000010c  main_func_sp                                          
20000112  g_temp_calibration                                    
20000150  payload                                               
200001a9  g_button_pressed                                      
200001ae  g_humidity_acitve                                     
200001af  g_humidity_active                                     
200001b0  g_current_energy_state                                
200001b4  g_current_wake_up_time                                
200001b8  g_timestamp1                                          
200001bc  g_timestamp2                                          
200001c0  g_measurement_done                                    
200001c1  g_pressure_set                                        
200001c2  g_temp_active                                         
200001c3  rfAdvertisingDone                                     
200001c4  rfBootDone                                            
200001c5  rfSetupDone                                           
20004f00  __stack                                               
20005000  __STACK_END                                           
20005000  __STACK_TOP                                           
ffffffff  __TI_pprof_out_hndl                                   
ffffffff  __TI_prof_data_size                                   
ffffffff  __TI_prof_data_start                                  
ffffffff  __binit__                                             
ffffffff  binit                                                 
UNDEFED   SHT$$INIT_ARRAY$$Base                                 
UNDEFED   SHT$$INIT_ARRAY$$Limit                                

[237 symbols]
