******************************************************************************
                  TI ARM Linker PC v15.12.1                    
******************************************************************************
>> Linked Wed May 25 13:16:24 2016

OUTPUT FILE NAME:   <advanced.out>
ENTRY POINT SYMBOL: "ResetISR"  address: 0000283d


MEMORY CONFIGURATION

         name            origin    length      used     unused   attr    fill
----------------------  --------  ---------  --------  --------  ----  --------
  FLASH                 00000000   00020000  00005e64  0001a19c  R  X
  GPRAM                 11000000   00002000  00000000  00002000  RW X
  SRAM                  20000000   00005000  000002c6  00004d3a  RW X


SEGMENT ALLOCATION MAP

run origin  load origin   length   init length attrs members
----------  ----------- ---------- ----------- ----- -------
00000000    00000000    00005d32   00005d32    r-x
  00000000    00000000    000000c8   000000c8    r-- .intvecs
  000000c8    000000c8    00004bc6   00004bc6    r-x .text
  00004c90    00004c90    000010a2   000010a2    r-- .const
00005d34    00005d34    00000008   00000008    rw-
  00005d34    00005d34    00000008   00000008    rw- .args
00005d40    00005d40    000000d4   000000d4    r--
  00005d40    00005d40    000000d4   000000d4    r-- .cinit
0001ffa8    0001ffa8    00000058   00000058    r--
  0001ffa8    0001ffa8    00000058   00000058    r-- .ccfg
20000000    20000000    000001ca   00000000    rw-
  20000000    20000000    00000114   00000000    rw- .data
  20000118    20000118    000000b2   00000000    rw- .bss
20004f00    20004f00    00000100   00000000    rw-
  20004f00    20004f00    00000100   00000000    rw- .stack


SECTION ALLOCATION MAP

 output                                  attributes/
section   page    origin      length       input sections
--------  ----  ----------  ----------   ----------------
.intvecs   0    00000000    000000c8     
                  00000000    000000c8     startup_ccs.obj (.intvecs)

.text      0    000000c8    00004bc6     
                  000000c8    0000090c     setup.obj (.text)
                  000009d4    00000664     sys_ctrl.obj (.text)
                  00001038    00000620     main.obj (.text)
                  00001658    000005f4     board-i2c.obj (.text)
                  00001c4c    00000538     system.obj (.text)
                  00002184    0000041c     ext-flash.obj (.text)
                  000025a0    00000360     startup_ccs.obj (.text)
                  00002900    000002a8     bmp-280-sensor.obj (.text)
                  00002ba8    00000288     board-spi.obj (.text)
                  00002e30    00000288     pwr_ctrl.obj (.text)
                  000030b8    00000280     osc.obj (.text)
                  00003338    00000258     tmp-007-sensor.obj (.text)
                  00003590    00000224     ddi.obj (.text)
                  000037b4    000001f8     rtsv7M3_T_le_eabi.lib : s_exp2.obj (.text)
                  000039ac    000001b6                           : fd_add_t2.obj (.text)
                  00003b62    00000002                           : mpu_init.obj (.text)
                  00003b64    000001a8     hdc-1000-sensor.obj (.text)
                  00003d0c    0000019c     chipinfo.obj (.text)
                  00003ea8    0000017c     radio.obj (.text)
                  00004024    0000016c     opt-3001-sensor.obj (.text)
                  00004190    00000136     rtsv7M3_T_le_eabi.lib : fd_div_t2.obj (.text)
                  000042c6    00000002                           : startup.obj (.text)
                  000042c8    00000100     vims.obj (.text)
                  000043c8    000000fc     rtsv7M3_T_le_eabi.lib : fd_mul_t2.obj (.text)
                  000044c4    000000b8     sensor-common.obj (.text)
                  0000457c    0000009c     rtsv7M3_T_le_eabi.lib : memcpy_t2.obj (.text)
                  00004618    00000086                           : fd_cmp_t2.obj (.text:__aeabi_cdcmple)
                  0000469e    00000086                           : fd_cmp_t2.obj (.text:__aeabi_cdrcmple)
                  00004724    0000007a                           : fs_mul_t2.obj (.text)
                  0000479e    0000007a                           : memset_t2.obj (.text)
                  00004818    00000078     rtc.obj (.text)
                  00004890    00000070     rtsv7M3_T_le_eabi.lib : autoinit.obj (.text)
                  00004900    0000006e                           : fd_tos_t2.obj (.text)
                  0000496e    0000006a                           : copy_decompress_rle.obj (.text)
                  000049d8    0000005c     aon_rtc.obj (.text)
                  00004a34    00000054     rtsv7M3_T_le_eabi.lib : exit.obj (.text)
                  00004a88    0000004c                           : cpy_tbl.obj (.text)
                  00004ad4    00000044     aon_batmon.obj (.text)
                  00004b18    00000040     rtsv7M3_T_le_eabi.lib : boot.obj (.text)
                  00004b58    00000038                           : fs_toi_t2.obj (.text)
                  00004b90    00000038                           : i_tofs_t2.obj (.text)
                  00004bc8    0000002e                           : i_tofd_t2.obj (.text)
                  00004bf6    0000002c     cpu.obj (.text)
                  00004c22    00000020     rtsv7M3_T_le_eabi.lib : u_tofd_t2.obj (.text)
                  00004c42    00000002     --HOLE-- [fill = 0]
                  00004c44    00000018                           : args_main.obj (.text)
                  00004c5c    00000014                           : _lock.obj (.text)
                  00004c70    0000000e                           : copy_decompress_none.obj (.text:decompress:none)
                  00004c7e    00000006     cpu.obj (.text:NOROM_CPUdelay)
                  00004c84    00000006     rtsv7M3_T_le_eabi.lib : copy_decompress_rle.obj (.text:decompress:rle24)
                  00004c8a    00000004                           : pre_init.obj (.text)

.const     0    00004c90    000010a2     
                  00004c90    00001000     rtsv7M3_T_le_eabi.lib : s_exp2.obj (.const:tbl)
                  00005c90    00000068     radio.obj (.const:patchImage)
                  00005cf8    00000034     sys_ctrl.obj (.const:g_pui32ModuleCG)
                  00005d2c    00000004     ext-flash.obj (.const:.string:$P$T1$2)
                  00005d30    00000001     ext-flash.obj (.const:.string:$P$T0$1)
                  00005d31    00000001     ext-flash.obj (.const:.string:$P$T2$3)

.cinit     0    00005d40    000000d4     
                  00005d40    000000ab     (.cinit..data.load) [load image, compression = rle]
                  00005deb    00000005     --HOLE-- [fill = 0]
                  00005df0    00000009     (.cinit..bss.load) [load image, compression = rle]
                  00005df9    00000003     --HOLE-- [fill = 0]
                  00005dfc    00000008     (__TI_handler_table)
                  00005e04    00000010     (__TI_cinit_table)

.init_array 
*          0    00000000    00000000     UNINITIALIZED

.ccfg      0    0001ffa8    00000058     
                  0001ffa8    00000058     ccfg.obj (.ccfg:retain)

.data      0    20000000    00000114     UNINITIALIZED
                  20000000    00000030     radio.obj (.data:bleDifferentialOverrides)
                  20000030    00000020     radio.obj (.data:cmdAdvParam)
                  20000050    00000018     radio.obj (.data:advData)
                  20000068    00000018     radio.obj (.data:cmdAdv0)
                  20000080    00000018     radio.obj (.data:cmdAdv1)
                  20000098    00000018     radio.obj (.data:cmdAdv2)
                  200000b0    00000018     radio.obj (.data:cmdSetup)
                  200000c8    00000010     radio.obj (.data:advOutput)
                  200000d8    00000010     radio.obj (.data:cmdFsPd)
                  200000e8    0000000c     rtsv7M3_T_le_eabi.lib : exit.obj (.data:$O1$$)
                  200000f4    00000008                           : _lock.obj (.data:$O1$$)
                  200000fc    00000008     main.obj (.data)
                  20000104    00000004     opt-3001-sensor.obj (.data)
                  20000108    00000004     rtsv7M3_T_le_eabi.lib : errno.obj (.data)
                  2000010c    00000004                           : stkdepth_vars.obj (.data)
                  20000110    00000002     board-i2c.obj (.data)
                  20000112    00000002     tmp-007-sensor.obj (.data)

.bss       0    20000118    000000b2     UNINITIALIZED
                  20000118    00000020     sensor-common.obj (.bss:buffer)
                  20000138    00000018     bmp-280-sensor.obj (.bss:calibration_data)
                  20000150    00000018     (.common:payload)
                  20000168    00000014     osc.obj (.bss:oscHfGlobals)
                  2000017c    0000000c     tmp-007-sensor.obj (.bss)
                  20000188    00000008     sys_ctrl.obj (.bss:powerQualGlobals)
                  20000190    00000008     radio.obj (.bss)
                  20000198    00000008     bmp-280-sensor.obj (.bss:sensor_value)
                  200001a0    00000005     hdc-1000-sensor.obj (.bss)
                  200001a5    00000004     tmp-007-sensor.obj (.bss:buf)
                  200001a9    00000001     (.common:g_button_pressed)
                  200001aa    00000004     hdc-1000-sensor.obj (.bss:data)
                  200001ae    00000001     (.common:g_humidity_acitve)
                  200001af    00000001     (.common:g_humidity_active)
                  200001b0    00000004     (.common:g_current_energy_state)
                  200001b4    00000004     (.common:g_current_wake_up_time)
                  200001b8    00000004     (.common:g_time_diff)
                  200001bc    00000004     (.common:g_timestamp1)
                  200001c0    00000004     (.common:g_timestamp2)
                  200001c4    00000001     (.common:g_measurement_done)
                  200001c5    00000001     (.common:g_pressure_set)
                  200001c6    00000001     (.common:g_temp_active)
                  200001c7    00000001     (.common:rfAdvertisingDone)
                  200001c8    00000001     (.common:rfBootDone)
                  200001c9    00000001     (.common:rfSetupDone)

.stack     0    20004f00    00000100     UNINITIALIZED
                  20004f00    00000100     --HOLE--

.args      0    00005d34    00000008     
                  00005d34    00000008     --HOLE-- [fill = 0]

MODULE SUMMARY

       Module                     code    ro data   rw data
       ------                     ----    -------   -------
    .\
       main.obj                   1568    0         52     
       system.obj                 1336    0         1      
       radio.obj                  380     104       240    
       rtc.obj                    120     0         8      
       ccfg.obj                   0       88        0      
    +--+--------------------------+-------+---------+---------+
       Total:                     3404    192       301    
                                                           
    .\cc26xxware_2_22_00_16101\driverLib\
       setup.obj                  2316    0         0      
       sys_ctrl.obj               1636    52        8      
       osc.obj                    640     0         20     
       pwr_ctrl.obj               648     0         0      
       ddi.obj                    548     0         0      
       chipinfo.obj               412     0         0      
       vims.obj                   256     0         0      
       aon_rtc.obj                92      0         0      
       aon_batmon.obj             68      0         0      
       cpu.obj                    50      0         0      
    +--+--------------------------+-------+---------+---------+
       Total:                     6666    52        28     
                                                           
    .\cc26xxware_2_22_00_16101\startup_files\
       startup_ccs.obj            864     200       0      
    +--+--------------------------+-------+---------+---------+
       Total:                     864     200       0      
                                                           
    .\interfaces\
       board-i2c.obj              1524    0         2      
       board-spi.obj              648     0         0      
    +--+--------------------------+-------+---------+---------+
       Total:                     2172    0         2      
                                                           
    .\sensors\
       ext-flash.obj              1052    6         0      
       bmp-280-sensor.obj         680     0         32     
       tmp-007-sensor.obj         600     0         18     
       hdc-1000-sensor.obj        424     0         9      
       opt-3001-sensor.obj        364     0         4      
       sensor-common.obj          184     0         32     
    +--+--------------------------+-------+---------+---------+
       Total:                     3304    6         95     
                                                           
    C:\ti\ccsv6\tools\compiler\ti-cgt-arm_15.12.1.LTS\lib\rtsv7M3_T_le_eabi.lib
       s_exp2.obj                 504     4096      0      
       fd_add_t2.obj              438     0         0      
       fd_div_t2.obj              310     0         0      
       fd_cmp_t2.obj              268     0         0      
       fd_mul_t2.obj              252     0         0      
       memcpy_t2.obj              156     0         0      
       fs_mul_t2.obj              122     0         0      
       memset_t2.obj              122     0         0      
       autoinit.obj               112     0         0      
       copy_decompress_rle.obj    112     0         0      
       fd_tos_t2.obj              110     0         0      
       exit.obj                   84      0         12     
       cpy_tbl.obj                76      0         0      
       boot.obj                   64      0         0      
       fs_toi_t2.obj              56      0         0      
       i_tofs_t2.obj              56      0         0      
       i_tofd_t2.obj              46      0         0      
       u_tofd_t2.obj              32      0         0      
       _lock.obj                  20      0         8      
       args_main.obj              24      0         0      
       copy_decompress_none.obj   14      0         0      
       errno.obj                  0       0         4      
       pre_init.obj               4       0         0      
       stkdepth_vars.obj          0       0         4      
       mpu_init.obj               2       0         0      
       startup.obj                2       0         0      
    +--+--------------------------+-------+---------+---------+
       Total:                     2986    4096      28     
                                                           
       Stack:                     0       0         256    
       Linker Generated:          0       204       0      
    +--+--------------------------+-------+---------+---------+
       Grand Total:               19396   4750      710    


LINKER GENERATED COPY TABLES

__TI_cinit_table @ 00005e04 records: 2, size/record: 8, table size: 16
	.data: load addr=00005d40, load size=000000ab bytes, run addr=20000000, run size=00000114 bytes, compression=rle
	.bss: load addr=00005df0, load size=00000009 bytes, run addr=20000118, run size=000000b2 bytes, compression=rle


LINKER GENERATED HANDLER TABLE

__TI_handler_table @ 00005dfc records: 2, size/record: 4, table size: 8
	index: 0, handler: __TI_decompress_rle24
	index: 1, handler: __TI_decompress_none


GLOBAL SYMBOLS: SORTED ALPHABETICALLY BY Name 

address   name                                                  
-------   ----                                                  
00004ad5  AONBatMonTemperatureGetDegC                           
0000485d  AONRTCCurrentSubSecValueGet                           
00004a35  C$$EXIT                                               
00003d9d  ChipInfo_GetChipFamily                                
00003df3  ChipInfo_GetHwRevision                                
00003d6b  ChipInfo_GetPackageType                               
00003d61  ChipInfo_GetSupportedProtocol_BV                      
00004a05  NOROM_AONRTCCurrent64BitValueGet                      
000049d9  NOROM_AONRTCCurrentCompareValueGet                    
00004c19  NOROM_CPUbasepriGet                                   
00004bf7  NOROM_CPUcpsid                                        
00004c0d  NOROM_CPUcpsie                                        
00004c7f  NOROM_CPUdelay                                        
00004c03  NOROM_CPUprimask                                      
0000370f  NOROM_DDI16BitRead                                    
0000366d  NOROM_DDI16BitWrite                                   
00003757  NOROM_DDI16BitfieldRead                               
000036bd  NOROM_DDI16BitfieldWrite                              
00003149  NOROM_OSCClockSourceGet                               
000030f9  NOROM_OSCClockSourceSet                               
00003179  NOROM_OSCInterfaceEnable                              
00003043  NOROM_PowerCtrlSourceSet                              
00002f27  NOROM_PowerCtrlStateSet                               
00000a4b  NOROM_SysCtrlPowerEverything                          
00000b51  NOROM_SysCtrlPowerdown                                
00000ff1  NOROM_SysCtrlResetSourceGet                           
00000b7f  NOROM_SysCtrlShutdown                                 
00000b37  NOROM_SysCtrlStandby                                  
000042c9  NOROM_VIMSConfigure                                   
00004337  NOROM_VIMSModeGet                                     
00004357  NOROM_VIMSModeSafeSet                                 
0000430b  NOROM_VIMSModeSet                                     
0000327d  OSCHF_AttemptToSwitchToXosc                           
000031a7  OSCHF_GetStartupTime                                  
000032dd  OSCHF_SwitchToRcOscTurnOffXosc                        
00003269  OSCHF_TurnOnXosc                                      
0000283d  ResetISR                                              
UNDEFED   SHT$$INIT_ARRAY$$Base                                 
UNDEFED   SHT$$INIT_ARRAY$$Limit                                
00000559  SignExtendVddrTrimValue                               
00000ebd  SysCtrlAdjustRechargeAfterPowerDown                   
00000bd9  SysCtrlSetRechargeBeforePowerDown                     
00000f61  SysCtrl_DCDC_VoltageConditionalControl                
00003e87  ThisCodeIsBuiltForCC26xxHwRev22AndLater_HaltIfViolated
20005000  __STACK_END                                           
00000100  __STACK_SIZE                                          
20005000  __STACK_TOP                                           
00005e04  __TI_CINIT_Base                                       
00005e14  __TI_CINIT_Limit                                      
00005dfc  __TI_Handler_Table_Base                               
00005e04  __TI_Handler_Table_Limit                              
00004891  __TI_auto_init                                        
200000e8  __TI_cleanup_ptr                                      
00004c71  __TI_decompress_none                                  
00004c85  __TI_decompress_rle24                                 
200000ec  __TI_dtors_ptr                                        
200000f0  __TI_enable_exit_profile_output                       
ffffffff  __TI_pprof_out_hndl                                   
ffffffff  __TI_prof_data_size                                   
ffffffff  __TI_prof_data_start                                  
00000000  __TI_static_base__                                    
00004619  __aeabi_cdcmpeq                                       
00004619  __aeabi_cdcmple                                       
0000469f  __aeabi_cdrcmple                                      
00004901  __aeabi_d2f                                           
000039b7  __aeabi_dadd                                          
00004191  __aeabi_ddiv                                          
000043c9  __aeabi_dmul                                          
000039ad  __aeabi_dsub                                          
00004b59  __aeabi_f2iz                                          
00004725  __aeabi_fmul                                          
00004bc9  __aeabi_i2d                                           
00004b91  __aeabi_i2f                                           
0000479f  __aeabi_memclr                                        
0000479f  __aeabi_memclr4                                       
0000479f  __aeabi_memclr8                                       
0000457d  __aeabi_memcpy                                        
0000457d  __aeabi_memcpy4                                       
0000457d  __aeabi_memcpy8                                       
000047a1  __aeabi_memset                                        
000047a1  __aeabi_memset4                                       
000047a1  __aeabi_memset8                                       
00004c23  __aeabi_ui2d                                          
ffffffff  __binit__                                             
00005d34  __c_args__                                            
0001ffa8  __ccfg                                                
00003b63  __mpu_init                                            
20004f00  __stack                                               
00004c45  _args_main                                            
00004b19  _c_int00                                              
200000f4  _lock                                                 
00004c6b  _nop                                                  
00004c63  _register_lock                                        
00004c5d  _register_unlock                                      
000042c7  _system_post_cinit                                    
00004c8b  _system_pre_init                                      
200000f8  _unlock                                               
00004a39  abort                                                 
00002c0b  accessible                                            
20000050  advData                                               
200000c8  advOutput                                             
ffffffff  binit                                                 
20000000  bleDifferentialOverrides                              
00001909  board_i2c_read                                        
00001b4b  board_i2c_select                                      
000017bf  board_i2c_shutdown                                    
00001741  board_i2c_wakeup                                      
000017ef  board_i2c_write                                       
000019f1  board_i2c_write_read                                  
000018b7  board_i2c_write_single                                
00002da1  board_spi_close                                       
00002cd5  board_spi_flush                                       
00002cf3  board_spi_open                                        
00002c7d  board_spi_read                                        
00002c31  board_spi_write                                       
20000068  cmdAdv0                                               
20000080  cmdAdv1                                               
20000098  cmdAdv2                                               
20000030  cmdAdvParam                                           
200000d8  cmdFsPd                                               
200000b0  cmdSetup                                              
00002b65  configure_bmp_280                                     
00003cc1  configure_hdc_1000                                    
0000416b  configure_opt_3001                                    
00003527  configure_tmp_007                                     
00002963  convert_bmp_280                                       
00003c1d  convert_hdc_1000                                      
000040dd  convert_opt_3001                                      
0000342f  convert_tmp_007                                       
00004a89  copy_in                                               
00003fa5  enableRadioInterrupts                                 
0000290d  enable_bmp_280                                        
00004031  enable_opt_3001                                       
00003339  enable_tmp_007                                        
20000108  errno                                                 
00004a41  exit                                                  
000037b5  exp2                                                  
000037b5  exp2l                                                 
00002371  ext_flash_close                                       
000024c1  ext_flash_erase                                       
00002589  ext_flash_init                                        
0000233b  ext_flash_open                                        
0000237d  ext_flash_read                                        
00002575  ext_flash_test                                        
000023f9  ext_flash_write                                       
200001a9  g_button_pressed                                      
200001b0  g_current_energy_state                                
200001b4  g_current_wake_up_time                                
200001ae  g_humidity_acitve                                     
200001af  g_humidity_active                                     
200001c4  g_measurement_done                                    
00000000  g_pfnVectors                                          
200001c5  g_pressure_set                                        
200001c6  g_temp_active                                         
20000112  g_temp_calibration                                    
200001b8  g_time_diff                                           
200001bc  g_timestamp1                                          
200001c0  g_timestamp2                                          
0000110d  getData                                               
00001eb9  getEnergyStateFromGPIO                                
00001ea1  getEnergyStateFromSPI                                 
00001ec5  getTime                                               
00001ddf  initBLEBuffer                                         
00001d35  initGPIOInterrupts                                    
00001d6d  initRFInterrupts                                      
00001d1d  initRTCInterrupts                                     
00003f05  initRadio                                             
00003fb7  initRadioInts                                         
00001e7d  initSPI                                               
00001d83  initSensors                                           
0000109b  initSensortag                                         
00001d0d  initWUCEvent                                          
00002b7d  init_bmp_280                                          
00003b65  init_hdc_1000                                         
000015dd  main                                                  
2000010c  main_func_sp                                          
0000457d  memcpy                                                
000047a7  memset                                                
20000150  payload                                               
00001fc5  powerConfigureRecharge                                
00001eef  powerDisableAuxForceOn                                
00001f2b  powerDisableAuxRamRet                                 
00001f5f  powerDisableCPU                                       
00001f05  powerDisableCache                                     
00001f1f  powerDisableCacheRetention                            
00001f6f  powerDisableFlashInIdle                               
00001fab  powerDisableMcuPdReq                                  
00001f51  powerDisablePeriph                                    
00001f3b  powerDisableRFC                                       
00002051  powerDisableSPIdomain                                 
00001ff1  powerDisableXtal                                      
00001f8d  powerDivideInfClkDS                                   
00001f77  powerEnableAUXPdReq                                   
00001ee7  powerEnableAuxForceOn                                 
00001ef7  powerEnableCache                                      
00001f13  powerEnableCacheRetention                             
00001f67  powerEnableFlashInIdle                                
00001fb3  powerEnableGPIOClockRunMode                           
00001fa3  powerEnableMcuPdReq                                   
00001f43  powerEnablePeriph                                     
00001f33  powerEnableRFC                                        
00002015  powerEnableSPIdomain                                  
00001fe5  powerEnableXtal                                       
00001ff9  powerEnableXtalInterface                              
00003f39  radioCmdBusRequest                                    
00003f57  radioCmdStartRAT                                      
00003f31  radioPatch                                            
00003f69  radioSetupAndTransmit                                 
00003f73  radioUpdateAdvData                                    
00002939  read_data_bmp_280                                     
00003bb5  read_data_hdc_1000                                    
0000407b  read_data_opt_3001                                    
00003389  read_data_tmp_007                                     
200001c7  rfAdvertisingDone                                     
200001c8  rfBootDone                                            
200001c9  rfSetupDone                                           
00003f29  runRadio                                              
00002901  select_bmp_280                                        
00004025  select_opt_3001                                       
000014e9  sendData                                              
000044c5  sensor_common_read_reg                                
00004547  sensor_common_set_error_data                          
000044e1  sensor_common_write_reg                               
00001219  setData                                               
00001595  sleep                                                 
00003b91  start_hdc_1000                                        
000001c5  trimDevice                                            
00004819  updateRTCWakeUpTime                                   
00004133  value                                                 
00002afb  value_bmp_280                                         
00003c6f  value_hdc_1000                                        
00003481  value_tmp_007                                         
00002099  waitUntilAUXReady                                     
00002079  waitUntilPeriphReady                                  
00002061  waitUntilRFCReady                                     


GLOBAL SYMBOLS: SORTED BY Symbol Address 

address   name                                                  
-------   ----                                                  
00000000  __TI_static_base__                                    
00000000  g_pfnVectors                                          
00000100  __STACK_SIZE                                          
000001c5  trimDevice                                            
00000559  SignExtendVddrTrimValue                               
00000a4b  NOROM_SysCtrlPowerEverything                          
00000b37  NOROM_SysCtrlStandby                                  
00000b51  NOROM_SysCtrlPowerdown                                
00000b7f  NOROM_SysCtrlShutdown                                 
00000bd9  SysCtrlSetRechargeBeforePowerDown                     
00000ebd  SysCtrlAdjustRechargeAfterPowerDown                   
00000f61  SysCtrl_DCDC_VoltageConditionalControl                
00000ff1  NOROM_SysCtrlResetSourceGet                           
0000109b  initSensortag                                         
0000110d  getData                                               
00001219  setData                                               
000014e9  sendData                                              
00001595  sleep                                                 
000015dd  main                                                  
00001741  board_i2c_wakeup                                      
000017bf  board_i2c_shutdown                                    
000017ef  board_i2c_write                                       
000018b7  board_i2c_write_single                                
00001909  board_i2c_read                                        
000019f1  board_i2c_write_read                                  
00001b4b  board_i2c_select                                      
00001d0d  initWUCEvent                                          
00001d1d  initRTCInterrupts                                     
00001d35  initGPIOInterrupts                                    
00001d6d  initRFInterrupts                                      
00001d83  initSensors                                           
00001ddf  initBLEBuffer                                         
00001e7d  initSPI                                               
00001ea1  getEnergyStateFromSPI                                 
00001eb9  getEnergyStateFromGPIO                                
00001ec5  getTime                                               
00001ee7  powerEnableAuxForceOn                                 
00001eef  powerDisableAuxForceOn                                
00001ef7  powerEnableCache                                      
00001f05  powerDisableCache                                     
00001f13  powerEnableCacheRetention                             
00001f1f  powerDisableCacheRetention                            
00001f2b  powerDisableAuxRamRet                                 
00001f33  powerEnableRFC                                        
00001f3b  powerDisableRFC                                       
00001f43  powerEnablePeriph                                     
00001f51  powerDisablePeriph                                    
00001f5f  powerDisableCPU                                       
00001f67  powerEnableFlashInIdle                                
00001f6f  powerDisableFlashInIdle                               
00001f77  powerEnableAUXPdReq                                   
00001f8d  powerDivideInfClkDS                                   
00001fa3  powerEnableMcuPdReq                                   
00001fab  powerDisableMcuPdReq                                  
00001fb3  powerEnableGPIOClockRunMode                           
00001fc5  powerConfigureRecharge                                
00001fe5  powerEnableXtal                                       
00001ff1  powerDisableXtal                                      
00001ff9  powerEnableXtalInterface                              
00002015  powerEnableSPIdomain                                  
00002051  powerDisableSPIdomain                                 
00002061  waitUntilRFCReady                                     
00002079  waitUntilPeriphReady                                  
00002099  waitUntilAUXReady                                     
0000233b  ext_flash_open                                        
00002371  ext_flash_close                                       
0000237d  ext_flash_read                                        
000023f9  ext_flash_write                                       
000024c1  ext_flash_erase                                       
00002575  ext_flash_test                                        
00002589  ext_flash_init                                        
0000283d  ResetISR                                              
00002901  select_bmp_280                                        
0000290d  enable_bmp_280                                        
00002939  read_data_bmp_280                                     
00002963  convert_bmp_280                                       
00002afb  value_bmp_280                                         
00002b65  configure_bmp_280                                     
00002b7d  init_bmp_280                                          
00002c0b  accessible                                            
00002c31  board_spi_write                                       
00002c7d  board_spi_read                                        
00002cd5  board_spi_flush                                       
00002cf3  board_spi_open                                        
00002da1  board_spi_close                                       
00002f27  NOROM_PowerCtrlStateSet                               
00003043  NOROM_PowerCtrlSourceSet                              
000030f9  NOROM_OSCClockSourceSet                               
00003149  NOROM_OSCClockSourceGet                               
00003179  NOROM_OSCInterfaceEnable                              
000031a7  OSCHF_GetStartupTime                                  
00003269  OSCHF_TurnOnXosc                                      
0000327d  OSCHF_AttemptToSwitchToXosc                           
000032dd  OSCHF_SwitchToRcOscTurnOffXosc                        
00003339  enable_tmp_007                                        
00003389  read_data_tmp_007                                     
0000342f  convert_tmp_007                                       
00003481  value_tmp_007                                         
00003527  configure_tmp_007                                     
0000366d  NOROM_DDI16BitWrite                                   
000036bd  NOROM_DDI16BitfieldWrite                              
0000370f  NOROM_DDI16BitRead                                    
00003757  NOROM_DDI16BitfieldRead                               
000037b5  exp2                                                  
000037b5  exp2l                                                 
000039ad  __aeabi_dsub                                          
000039b7  __aeabi_dadd                                          
00003b63  __mpu_init                                            
00003b65  init_hdc_1000                                         
00003b91  start_hdc_1000                                        
00003bb5  read_data_hdc_1000                                    
00003c1d  convert_hdc_1000                                      
00003c6f  value_hdc_1000                                        
00003cc1  configure_hdc_1000                                    
00003d61  ChipInfo_GetSupportedProtocol_BV                      
00003d6b  ChipInfo_GetPackageType                               
00003d9d  ChipInfo_GetChipFamily                                
00003df3  ChipInfo_GetHwRevision                                
00003e87  ThisCodeIsBuiltForCC26xxHwRev22AndLater_HaltIfViolated
00003f05  initRadio                                             
00003f29  runRadio                                              
00003f31  radioPatch                                            
00003f39  radioCmdBusRequest                                    
00003f57  radioCmdStartRAT                                      
00003f69  radioSetupAndTransmit                                 
00003f73  radioUpdateAdvData                                    
00003fa5  enableRadioInterrupts                                 
00003fb7  initRadioInts                                         
00004025  select_opt_3001                                       
00004031  enable_opt_3001                                       
0000407b  read_data_opt_3001                                    
000040dd  convert_opt_3001                                      
00004133  value                                                 
0000416b  configure_opt_3001                                    
00004191  __aeabi_ddiv                                          
000042c7  _system_post_cinit                                    
000042c9  NOROM_VIMSConfigure                                   
0000430b  NOROM_VIMSModeSet                                     
00004337  NOROM_VIMSModeGet                                     
00004357  NOROM_VIMSModeSafeSet                                 
000043c9  __aeabi_dmul                                          
000044c5  sensor_common_read_reg                                
000044e1  sensor_common_write_reg                               
00004547  sensor_common_set_error_data                          
0000457d  __aeabi_memcpy                                        
0000457d  __aeabi_memcpy4                                       
0000457d  __aeabi_memcpy8                                       
0000457d  memcpy                                                
00004619  __aeabi_cdcmpeq                                       
00004619  __aeabi_cdcmple                                       
0000469f  __aeabi_cdrcmple                                      
00004725  __aeabi_fmul                                          
0000479f  __aeabi_memclr                                        
0000479f  __aeabi_memclr4                                       
0000479f  __aeabi_memclr8                                       
000047a1  __aeabi_memset                                        
000047a1  __aeabi_memset4                                       
000047a1  __aeabi_memset8                                       
000047a7  memset                                                
00004819  updateRTCWakeUpTime                                   
0000485d  AONRTCCurrentSubSecValueGet                           
00004891  __TI_auto_init                                        
00004901  __aeabi_d2f                                           
000049d9  NOROM_AONRTCCurrentCompareValueGet                    
00004a05  NOROM_AONRTCCurrent64BitValueGet                      
00004a35  C$$EXIT                                               
00004a39  abort                                                 
00004a41  exit                                                  
00004a89  copy_in                                               
00004ad5  AONBatMonTemperatureGetDegC                           
00004b19  _c_int00                                              
00004b59  __aeabi_f2iz                                          
00004b91  __aeabi_i2f                                           
00004bc9  __aeabi_i2d                                           
00004bf7  NOROM_CPUcpsid                                        
00004c03  NOROM_CPUprimask                                      
00004c0d  NOROM_CPUcpsie                                        
00004c19  NOROM_CPUbasepriGet                                   
00004c23  __aeabi_ui2d                                          
00004c45  _args_main                                            
00004c5d  _register_unlock                                      
00004c63  _register_lock                                        
00004c6b  _nop                                                  
00004c71  __TI_decompress_none                                  
00004c7f  NOROM_CPUdelay                                        
00004c85  __TI_decompress_rle24                                 
00004c8b  _system_pre_init                                      
00005d34  __c_args__                                            
00005dfc  __TI_Handler_Table_Base                               
00005e04  __TI_CINIT_Base                                       
00005e04  __TI_Handler_Table_Limit                              
00005e14  __TI_CINIT_Limit                                      
0001ffa8  __ccfg                                                
20000000  bleDifferentialOverrides                              
20000030  cmdAdvParam                                           
20000050  advData                                               
20000068  cmdAdv0                                               
20000080  cmdAdv1                                               
20000098  cmdAdv2                                               
200000b0  cmdSetup                                              
200000c8  advOutput                                             
200000d8  cmdFsPd                                               
200000e8  __TI_cleanup_ptr                                      
200000ec  __TI_dtors_ptr                                        
200000f0  __TI_enable_exit_profile_output                       
200000f4  _lock                                                 
200000f8  _unlock                                               
20000108  errno                                                 
2000010c  main_func_sp                                          
20000112  g_temp_calibration                                    
20000150  payload                                               
200001a9  g_button_pressed                                      
200001ae  g_humidity_acitve                                     
200001af  g_humidity_active                                     
200001b0  g_current_energy_state                                
200001b4  g_current_wake_up_time                                
200001b8  g_time_diff                                           
200001bc  g_timestamp1                                          
200001c0  g_timestamp2                                          
200001c4  g_measurement_done                                    
200001c5  g_pressure_set                                        
200001c6  g_temp_active                                         
200001c7  rfAdvertisingDone                                     
200001c8  rfBootDone                                            
200001c9  rfSetupDone                                           
20004f00  __stack                                               
20005000  __STACK_END                                           
20005000  __STACK_TOP                                           
ffffffff  __TI_pprof_out_hndl                                   
ffffffff  __TI_prof_data_size                                   
ffffffff  __TI_prof_data_start                                  
ffffffff  __binit__                                             
ffffffff  binit                                                 
UNDEFED   SHT$$INIT_ARRAY$$Base                                 
UNDEFED   SHT$$INIT_ARRAY$$Limit                                

[235 symbols]
